// Jest Snapshot v1, https://goo.gl/fbAQLP

exports[`Graph input component graph input  should match snapshot 1`] = `
Object {
  "asFragment": [Function],
  "baseElement": <body>
    <div>
      <div
        class="DateInputContainer"
      >
        <div
          class="DateInputWrapper"
        >
          <div
            class="DateInputLabel"
          />
          <div
            class="DateInputDisplay DisplayActive"
            role="presentation"
          >
            Dec 21, 2023
          </div>
        </div>
        <div
          class="DateInputCalendar "
        >
          <div
            class="CalendarWrapper DisableTextSelect"
          >
            <div
              class="CalendarMonth"
            >
              <div
                class="CalendarArrow"
                role="presentation"
              >
                <iconmock />
              </div>
              December 2023
              <div
                class="CalendarArrow"
                role="presentation"
              >
                <iconmock />
              </div>
            </div>
            <div
              class="CalendarDayNames"
            >
              <div
                class="WeekDay"
              >
                sun
              </div>
              <div
                class="WeekDay"
              >
                mon
              </div>
              <div
                class="WeekDay"
              >
                tue
              </div>
              <div
                class="WeekDay"
              >
                wed
              </div>
              <div
                class="WeekDay"
              >
                thu
              </div>
              <div
                class="WeekDay"
              >
                fri
              </div>
              <div
                class="WeekDay"
              >
                sat
              </div>
            </div>
            <div
              class="CalendarWeeks"
            >
              <div
                class="CalendarWeekDays"
              >
                <div
                  class="
                  CalendarSingleDay 
                  false
                  "
                  role="presentation"
                >
                  <div />
                </div>
                <div
                  class="
                  CalendarSingleDay 
                  false
                  "
                  role="presentation"
                >
                  <div />
                </div>
                <div
                  class="
                  CalendarSingleDay 
                  false
                  "
                  role="presentation"
                >
                  <div />
                </div>
                <div
                  class="
                  CalendarSingleDay 
                  false
                  "
                  role="presentation"
                >
                  <div />
                </div>
                <div
                  class="
                  CalendarSingleDay 
                  false
                  "
                  role="presentation"
                >
                  <div />
                </div>
                <div
                  class="
                  CalendarSingleDay 
                  false
                  "
                  role="presentation"
                >
                  <div>
                    1
                  </div>
                </div>
                <div
                  class="
                  CalendarSingleDay 
                  false
                  "
                  role="presentation"
                >
                  <div>
                    2
                  </div>
                </div>
              </div>
              <div
                class="CalendarWeekDays"
              >
                <div
                  class="
                  CalendarSingleDay 
                  false
                  "
                  role="presentation"
                >
                  <div>
                    3
                  </div>
                </div>
                <div
                  class="
                  CalendarSingleDay 
                  false
                  "
                  role="presentation"
                >
                  <div>
                    4
                  </div>
                </div>
                <div
                  class="
                  CalendarSingleDay 
                  false
                  "
                  role="presentation"
                >
                  <div>
                    5
                  </div>
                </div>
                <div
                  class="
                  CalendarSingleDay 
                  false
                  "
                  role="presentation"
                >
                  <div>
                    6
                  </div>
                </div>
                <div
                  class="
                  CalendarSingleDay 
                  false
                  "
                  role="presentation"
                >
                  <div>
                    7
                  </div>
                </div>
                <div
                  class="
                  CalendarSingleDay 
                  false
                  "
                  role="presentation"
                >
                  <div>
                    8
                  </div>
                </div>
                <div
                  class="
                  CalendarSingleDay 
                  false
                  "
                  role="presentation"
                >
                  <div>
                    9
                  </div>
                </div>
              </div>
              <div
                class="CalendarWeekDays"
              >
                <div
                  class="
                  CalendarSingleDay 
                  false
                  "
                  role="presentation"
                >
                  <div>
                    10
                  </div>
                </div>
                <div
                  class="
                  CalendarSingleDay 
                  false
                  "
                  role="presentation"
                >
                  <div>
                    11
                  </div>
                </div>
                <div
                  class="
                  CalendarSingleDay 
                  false
                  "
                  role="presentation"
                >
                  <div>
                    12
                  </div>
                </div>
                <div
                  class="
                  CalendarSingleDay 
                  false
                  "
                  role="presentation"
                >
                  <div>
                    13
                  </div>
                </div>
                <div
                  class="
                  CalendarSingleDay 
                  false
                  "
                  role="presentation"
                >
                  <div>
                    14
                  </div>
                </div>
                <div
                  class="
                  CalendarSingleDay 
                  false
                  "
                  role="presentation"
                >
                  <div>
                    15
                  </div>
                </div>
                <div
                  class="
                  CalendarSingleDay 
                  false
                  "
                  role="presentation"
                >
                  <div>
                    16
                  </div>
                </div>
              </div>
              <div
                class="CalendarWeekDays"
              >
                <div
                  class="
                  CalendarSingleDay 
                  false
                  "
                  role="presentation"
                >
                  <div>
                    17
                  </div>
                </div>
                <div
                  class="
                  CalendarSingleDay 
                  false
                  "
                  role="presentation"
                >
                  <div>
                    18
                  </div>
                </div>
                <div
                  class="
                  CalendarSingleDay 
                  false
                  "
                  role="presentation"
                >
                  <div>
                    19
                  </div>
                </div>
                <div
                  class="
                  CalendarSingleDay 
                  false
                  "
                  role="presentation"
                >
                  <div>
                    20
                  </div>
                </div>
                <div
                  class="
                  CalendarSingleDay 
                  Today
                  "
                  role="presentation"
                >
                  <div>
                    21
                  </div>
                </div>
                <div
                  class="
                  CalendarSingleDay 
                  false
                  "
                  role="presentation"
                >
                  <div>
                    22
                  </div>
                </div>
                <div
                  class="
                  CalendarSingleDay 
                  false
                  "
                  role="presentation"
                >
                  <div>
                    23
                  </div>
                </div>
              </div>
              <div
                class="CalendarWeekDays"
              >
                <div
                  class="
                  CalendarSingleDay 
                  false
                  "
                  role="presentation"
                >
                  <div>
                    24
                  </div>
                </div>
                <div
                  class="
                  CalendarSingleDay 
                  false
                  "
                  role="presentation"
                >
                  <div>
                    25
                  </div>
                </div>
                <div
                  class="
                  CalendarSingleDay 
                  false
                  "
                  role="presentation"
                >
                  <div>
                    26
                  </div>
                </div>
                <div
                  class="
                  CalendarSingleDay 
                  false
                  "
                  role="presentation"
                >
                  <div>
                    27
                  </div>
                </div>
                <div
                  class="
                  CalendarSingleDay 
                  false
                  "
                  role="presentation"
                >
                  <div>
                    28
                  </div>
                </div>
                <div
                  class="
                  CalendarSingleDay 
                  false
                  "
                  role="presentation"
                >
                  <div>
                    29
                  </div>
                </div>
                <div
                  class="
                  CalendarSingleDay 
                  false
                  "
                  role="presentation"
                >
                  <div>
                    30
                  </div>
                </div>
              </div>
            </div>
          </div>
          <div
            class="CalendarModalButtons"
          >
            <button
              class="Primary-Btn CancelBtn ModalBtn false
        undefined undefined undefined
        undefined
      "
            >
              Cancel
            </button>
            <button
              class="Primary-Btn ModalBtn false
        undefined undefined undefined
        undefined
      "
            >
              Proceed
            </button>
          </div>
        </div>
      </div>
    </div>
  </body>,
  "container": <div>
    <div
      class="DateInputContainer"
    >
      <div
        class="DateInputWrapper"
      >
        <div
          class="DateInputLabel"
        />
        <div
          class="DateInputDisplay DisplayActive"
          role="presentation"
        >
          Dec 21, 2023
        </div>
      </div>
      <div
        class="DateInputCalendar "
      >
        <div
          class="CalendarWrapper DisableTextSelect"
        >
          <div
            class="CalendarMonth"
          >
            <div
              class="CalendarArrow"
              role="presentation"
            >
              <iconmock />
            </div>
            December 2023
            <div
              class="CalendarArrow"
              role="presentation"
            >
              <iconmock />
            </div>
          </div>
          <div
            class="CalendarDayNames"
          >
            <div
              class="WeekDay"
            >
              sun
            </div>
            <div
              class="WeekDay"
            >
              mon
            </div>
            <div
              class="WeekDay"
            >
              tue
            </div>
            <div
              class="WeekDay"
            >
              wed
            </div>
            <div
              class="WeekDay"
            >
              thu
            </div>
            <div
              class="WeekDay"
            >
              fri
            </div>
            <div
              class="WeekDay"
            >
              sat
            </div>
          </div>
          <div
            class="CalendarWeeks"
          >
            <div
              class="CalendarWeekDays"
            >
              <div
                class="
                  CalendarSingleDay 
                  false
                  "
                role="presentation"
              >
                <div />
              </div>
              <div
                class="
                  CalendarSingleDay 
                  false
                  "
                role="presentation"
              >
                <div />
              </div>
              <div
                class="
                  CalendarSingleDay 
                  false
                  "
                role="presentation"
              >
                <div />
              </div>
              <div
                class="
                  CalendarSingleDay 
                  false
                  "
                role="presentation"
              >
                <div />
              </div>
              <div
                class="
                  CalendarSingleDay 
                  false
                  "
                role="presentation"
              >
                <div />
              </div>
              <div
                class="
                  CalendarSingleDay 
                  false
                  "
                role="presentation"
              >
                <div>
                  1
                </div>
              </div>
              <div
                class="
                  CalendarSingleDay 
                  false
                  "
                role="presentation"
              >
                <div>
                  2
                </div>
              </div>
            </div>
            <div
              class="CalendarWeekDays"
            >
              <div
                class="
                  CalendarSingleDay 
                  false
                  "
                role="presentation"
              >
                <div>
                  3
                </div>
              </div>
              <div
                class="
                  CalendarSingleDay 
                  false
                  "
                role="presentation"
              >
                <div>
                  4
                </div>
              </div>
              <div
                class="
                  CalendarSingleDay 
                  false
                  "
                role="presentation"
              >
                <div>
                  5
                </div>
              </div>
              <div
                class="
                  CalendarSingleDay 
                  false
                  "
                role="presentation"
              >
                <div>
                  6
                </div>
              </div>
              <div
                class="
                  CalendarSingleDay 
                  false
                  "
                role="presentation"
              >
                <div>
                  7
                </div>
              </div>
              <div
                class="
                  CalendarSingleDay 
                  false
                  "
                role="presentation"
              >
                <div>
                  8
                </div>
              </div>
              <div
                class="
                  CalendarSingleDay 
                  false
                  "
                role="presentation"
              >
                <div>
                  9
                </div>
              </div>
            </div>
            <div
              class="CalendarWeekDays"
            >
              <div
                class="
                  CalendarSingleDay 
                  false
                  "
                role="presentation"
              >
                <div>
                  10
                </div>
              </div>
              <div
                class="
                  CalendarSingleDay 
                  false
                  "
                role="presentation"
              >
                <div>
                  11
                </div>
              </div>
              <div
                class="
                  CalendarSingleDay 
                  false
                  "
                role="presentation"
              >
                <div>
                  12
                </div>
              </div>
              <div
                class="
                  CalendarSingleDay 
                  false
                  "
                role="presentation"
              >
                <div>
                  13
                </div>
              </div>
              <div
                class="
                  CalendarSingleDay 
                  false
                  "
                role="presentation"
              >
                <div>
                  14
                </div>
              </div>
              <div
                class="
                  CalendarSingleDay 
                  false
                  "
                role="presentation"
              >
                <div>
                  15
                </div>
              </div>
              <div
                class="
                  CalendarSingleDay 
                  false
                  "
                role="presentation"
              >
                <div>
                  16
                </div>
              </div>
            </div>
            <div
              class="CalendarWeekDays"
            >
              <div
                class="
                  CalendarSingleDay 
                  false
                  "
                role="presentation"
              >
                <div>
                  17
                </div>
              </div>
              <div
                class="
                  CalendarSingleDay 
                  false
                  "
                role="presentation"
              >
                <div>
                  18
                </div>
              </div>
              <div
                class="
                  CalendarSingleDay 
                  false
                  "
                role="presentation"
              >
                <div>
                  19
                </div>
              </div>
              <div
                class="
                  CalendarSingleDay 
                  false
                  "
                role="presentation"
              >
                <div>
                  20
                </div>
              </div>
              <div
                class="
                  CalendarSingleDay 
                  Today
                  "
                role="presentation"
              >
                <div>
                  21
                </div>
              </div>
              <div
                class="
                  CalendarSingleDay 
                  false
                  "
                role="presentation"
              >
                <div>
                  22
                </div>
              </div>
              <div
                class="
                  CalendarSingleDay 
                  false
                  "
                role="presentation"
              >
                <div>
                  23
                </div>
              </div>
            </div>
            <div
              class="CalendarWeekDays"
            >
              <div
                class="
                  CalendarSingleDay 
                  false
                  "
                role="presentation"
              >
                <div>
                  24
                </div>
              </div>
              <div
                class="
                  CalendarSingleDay 
                  false
                  "
                role="presentation"
              >
                <div>
                  25
                </div>
              </div>
              <div
                class="
                  CalendarSingleDay 
                  false
                  "
                role="presentation"
              >
                <div>
                  26
                </div>
              </div>
              <div
                class="
                  CalendarSingleDay 
                  false
                  "
                role="presentation"
              >
                <div>
                  27
                </div>
              </div>
              <div
                class="
                  CalendarSingleDay 
                  false
                  "
                role="presentation"
              >
                <div>
                  28
                </div>
              </div>
              <div
                class="
                  CalendarSingleDay 
                  false
                  "
                role="presentation"
              >
                <div>
                  29
                </div>
              </div>
              <div
                class="
                  CalendarSingleDay 
                  false
                  "
                role="presentation"
              >
                <div>
                  30
                </div>
              </div>
            </div>
          </div>
        </div>
        <div
          class="CalendarModalButtons"
        >
          <button
            class="Primary-Btn CancelBtn ModalBtn false
        undefined undefined undefined
        undefined
      "
          >
            Cancel
          </button>
          <button
            class="Primary-Btn ModalBtn false
        undefined undefined undefined
        undefined
      "
          >
            Proceed
          </button>
        </div>
      </div>
    </div>
  </div>,
  "debug": [Function],
  "findAllByAltText": [Function],
  "findAllByDisplayValue": [Function],
  "findAllByLabelText": [Function],
  "findAllByPlaceholderText": [Function],
  "findAllByRole": [Function],
  "findAllByTestId": [Function],
  "findAllByText": [Function],
  "findAllByTitle": [Function],
  "findByAltText": [Function],
  "findByDisplayValue": [Function],
  "findByLabelText": [Function],
  "findByPlaceholderText": [Function],
  "findByRole": [Function],
  "findByTestId": [Function],
  "findByText": [Function],
  "findByTitle": [Function],
  "getAllByAltText": [Function],
  "getAllByDisplayValue": [Function],
  "getAllByLabelText": [Function],
  "getAllByPlaceholderText": [Function],
  "getAllByRole": [Function],
  "getAllByTestId": [Function],
  "getAllByText": [Function],
  "getAllByTitle": [Function],
  "getByAltText": [Function],
  "getByDisplayValue": [Function],
  "getByLabelText": [Function],
  "getByPlaceholderText": [Function],
  "getByRole": [Function],
  "getByTestId": [Function],
  "getByText": [Function],
  "getByTitle": [Function],
  "queryAllByAltText": [Function],
  "queryAllByDisplayValue": [Function],
  "queryAllByLabelText": [Function],
  "queryAllByPlaceholderText": [Function],
  "queryAllByRole": [Function],
  "queryAllByTestId": [Function],
  "queryAllByText": [Function],
  "queryAllByTitle": [Function],
  "queryByAltText": [Function],
  "queryByDisplayValue": [Function],
  "queryByLabelText": [Function],
  "queryByPlaceholderText": [Function],
  "queryByRole": [Function],
  "queryByTestId": [Function],
  "queryByText": [Function],
  "queryByTitle": [Function],
  "rerender": [Function],
  "unmount": [Function],
}
`;
