// Jest Snapshot v1, https://goo.gl/fbAQLP

exports[`test the component matchs the component snapshot 1`] = `ShallowWrapper {}`;
