// Jest Snapshot v1, https://goo.gl/fbAQLP

exports[`AdminDBList renders without crashing 1`] = `ShallowWrapper {}`;
