// Jest Snapshot v1, https://goo.gl/fbAQLP

exports[`CreateAdminDB renders the component 1`] = `ShallowWrapper {}`;
