// Jest Snapshot v1, https://goo.gl/fbAQLP

exports[`Test the line chart component checks if the information bar component matches the snapshot 1`] = `
Object {
  "asFragment": [Function],
  "baseElement": <body>
    <div>
      <div
        class="recharts-responsive-container GraphSection"
        style="width: 100%; height: 100%;"
      >
        <div
          style="position: absolute; width: 0px; height: 0px; visibility: hidden; display: none;"
        />
      </div>
    </div>
    <div>
      <div
        class="recharts-responsive-container GraphSection"
        style="width: 100%; height: 100%;"
      >
        <div
          style="position: absolute; width: 0px; height: 0px; visibility: hidden; display: none;"
        />
      </div>
    </div>
    <div>
      <div
        class="recharts-responsive-container GraphSection"
        style="width: 100%; height: 100%;"
      >
        <div
          class="NoGraphData"
          height="0"
          width="0"
        >
          Graph Data Unavailable
        </div>
        <div
          style="position: absolute; width: 0px; height: 0px; visibility: hidden; display: none;"
        />
      </div>
    </div>
  </body>,
  "container": <div>
    <div
      class="recharts-responsive-container GraphSection"
      style="width: 100%; height: 100%;"
    >
      <div
        style="position: absolute; width: 0px; height: 0px; visibility: hidden; display: none;"
      />
    </div>
  </div>,
  "debug": [Function],
  "findAllByAltText": [Function],
  "findAllByDisplayValue": [Function],
  "findAllByLabelText": [Function],
  "findAllByPlaceholderText": [Function],
  "findAllByRole": [Function],
  "findAllByTestId": [Function],
  "findAllByText": [Function],
  "findAllByTitle": [Function],
  "findByAltText": [Function],
  "findByDisplayValue": [Function],
  "findByLabelText": [Function],
  "findByPlaceholderText": [Function],
  "findByRole": [Function],
  "findByTestId": [Function],
  "findByText": [Function],
  "findByTitle": [Function],
  "getAllByAltText": [Function],
  "getAllByDisplayValue": [Function],
  "getAllByLabelText": [Function],
  "getAllByPlaceholderText": [Function],
  "getAllByRole": [Function],
  "getAllByTestId": [Function],
  "getAllByText": [Function],
  "getAllByTitle": [Function],
  "getByAltText": [Function],
  "getByDisplayValue": [Function],
  "getByLabelText": [Function],
  "getByPlaceholderText": [Function],
  "getByRole": [Function],
  "getByTestId": [Function],
  "getByText": [Function],
  "getByTitle": [Function],
  "queryAllByAltText": [Function],
  "queryAllByDisplayValue": [Function],
  "queryAllByLabelText": [Function],
  "queryAllByPlaceholderText": [Function],
  "queryAllByRole": [Function],
  "queryAllByTestId": [Function],
  "queryAllByText": [Function],
  "queryAllByTitle": [Function],
  "queryByAltText": [Function],
  "queryByDisplayValue": [Function],
  "queryByLabelText": [Function],
  "queryByPlaceholderText": [Function],
  "queryByRole": [Function],
  "queryByTestId": [Function],
  "queryByText": [Function],
  "queryByTitle": [Function],
  "rerender": [Function],
  "unmount": [Function],
}
`;
