// Jest Snapshot v1, https://goo.gl/fbAQLP

exports[`MiraPage component should match the snapshot 1`] = `ShallowWrapper {}`;
