// Jest Snapshot v1, https://goo.gl/fbAQLP

exports[`AdminLogsPage matches the snapshot 1`] = `ShallowWrapper {}`;
