// Jest Snapshot v1, https://goo.gl/fbAQLP

exports[`testing the Apps page component this matches Apps page component snapshot 1`] = `ShallowWrapper {}`;
