// Jest Snapshot v1, https://goo.gl/fbAQLP

exports[`Testing the App Metrics Page component matches the ProjectDashboardPage component snapshot 1`] = `ShallowWrapper {}`;
