// Jest Snapshot v1, https://goo.gl/fbAQLP

exports[`App Component should match the snapshot 1`] = `
<div
  className="LandingPage"
>
  <Connect(withRouter(LandingPage)) />
</div>
`;
