// Jest Snapshot v1, https://goo.gl/fbAQLP

exports[`ActivityLogs matches the snapshot 1`] = `ShallowWrapper {}`;
