// Jest Snapshot v1, https://goo.gl/fbAQLP

exports[`InformationBar Component renders the default information bar without errors 1`] = `ShallowWrapper {}`;
