// Jest Snapshot v1, https://goo.gl/fbAQLP

exports[`Test the admin period component checks if the admin period component matches the snapshot 1`] = `
Object {
  "asFragment": [Function],
  "baseElement": <body>
    <div>
      <div
        class="PeriodContainer"
      >
        <div
          class="PeriodButtonsSection"
        >
          <div
            class="false PeriodButton"
            name="3month"
            role="presentation"
            value="3m"
          >
            3m
          </div>
          <div
            class="false PeriodButton"
            name="4months"
            role="presentation"
            value="4m"
          >
            4m
          </div>
          <div
            class="false PeriodButton"
            name="8months"
            role="presentation"
            value="8m"
          >
            8m
          </div>
          <div
            class="false PeriodButton"
            name="1year"
            role="presentation"
            value="1y"
          >
            1y
          </div>
          <div
            class="false PeriodButton"
            name="2year"
            role="presentation"
            value="2y"
          >
            2y
          </div>
          <div
            class="PeriodButtonActive PeriodButton"
            name="all"
            role="presentation"
            value="all"
          >
            all
          </div>
        </div>
      </div>
    </div>
  </body>,
  "container": <div>
    <div
      class="PeriodContainer"
    >
      <div
        class="PeriodButtonsSection"
      >
        <div
          class="false PeriodButton"
          name="3month"
          role="presentation"
          value="3m"
        >
          3m
        </div>
        <div
          class="false PeriodButton"
          name="4months"
          role="presentation"
          value="4m"
        >
          4m
        </div>
        <div
          class="false PeriodButton"
          name="8months"
          role="presentation"
          value="8m"
        >
          8m
        </div>
        <div
          class="false PeriodButton"
          name="1year"
          role="presentation"
          value="1y"
        >
          1y
        </div>
        <div
          class="false PeriodButton"
          name="2year"
          role="presentation"
          value="2y"
        >
          2y
        </div>
        <div
          class="PeriodButtonActive PeriodButton"
          name="all"
          role="presentation"
          value="all"
        >
          all
        </div>
      </div>
    </div>
  </div>,
  "debug": [Function],
  "findAllByAltText": [Function],
  "findAllByDisplayValue": [Function],
  "findAllByLabelText": [Function],
  "findAllByPlaceholderText": [Function],
  "findAllByRole": [Function],
  "findAllByTestId": [Function],
  "findAllByText": [Function],
  "findAllByTitle": [Function],
  "findByAltText": [Function],
  "findByDisplayValue": [Function],
  "findByLabelText": [Function],
  "findByPlaceholderText": [Function],
  "findByRole": [Function],
  "findByTestId": [Function],
  "findByText": [Function],
  "findByTitle": [Function],
  "getAllByAltText": [Function],
  "getAllByDisplayValue": [Function],
  "getAllByLabelText": [Function],
  "getAllByPlaceholderText": [Function],
  "getAllByRole": [Function],
  "getAllByTestId": [Function],
  "getAllByText": [Function],
  "getAllByTitle": [Function],
  "getByAltText": [Function],
  "getByDisplayValue": [Function],
  "getByLabelText": [Function],
  "getByPlaceholderText": [Function],
  "getByRole": [Function],
  "getByTestId": [Function],
  "getByText": [Function],
  "getByTitle": [Function],
  "queryAllByAltText": [Function],
  "queryAllByDisplayValue": [Function],
  "queryAllByLabelText": [Function],
  "queryAllByPlaceholderText": [Function],
  "queryAllByRole": [Function],
  "queryAllByTestId": [Function],
  "queryAllByText": [Function],
  "queryAllByTitle": [Function],
  "queryByAltText": [Function],
  "queryByDisplayValue": [Function],
  "queryByLabelText": [Function],
  "queryByPlaceholderText": [Function],
  "queryByRole": [Function],
  "queryByTestId": [Function],
  "queryByText": [Function],
  "queryByTitle": [Function],
  "rerender": [Function],
  "unmount": [Function],
}
`;
