// Jest Snapshot v1, https://goo.gl/fbAQLP

exports[`<RegisterPage/> Component should render the component 1`] = `ShallowWrapper {}`;
